// Jest Snapshot v1, https://goo.gl/fbAQLP

exports[`ReviewList should render correctly 1`] = `
<div>
  <div>
    <h6>
      Showing 1-8 of 453 reviews
    </h6>
    <select
      name="reviews"
    >
      <option
        value="Top Reviews"
      >
        Top Reviews
      </option>
      <option
        value="Most recent"
      >
        Most recent
      </option>
    </select>
  </div>
  <div>
    Review of product
  </div>
  <div>
    Review of product
  </div>
  <div>
    Review of product
  </div>
  <div>
    Review of product
  </div>
  <div>
    Review of product
  </div>
</div>
`;
