// Jest Snapshot v1, https://goo.gl/fbAQLP

exports[`Mention should render correctly 1`] = `
<div>
  <styled.div>
    Read reviews that mention
  </styled.div>
  <div>
    <styled.button>
      sound quality
    </styled.button>
    <styled.button>
      battery life
    </styled.button>
    <styled.button>
      charging case
    </styled.button>
    <styled.button>
      wireless earbuds
    </styled.button>
  </div>
  <div>
    <styled.button>
      noise cancelling
    </styled.button>
    <styled.button>
      highly recommend
    </styled.button>
    <styled.button>
      noise cancellation
    </styled.button>
    <styled.button>
      rose gold
    </styled.button>
  </div>
  <div>
    <styled.button>
      listening to music
    </styled.button>
    <styled.button>
      definitely recommend
    </styled.button>
    <styled.button>
      left earbud
    </styled.button>
    <styled.button>
      left and right
    </styled.button>
  </div>
</div>
`;
